[    0.000000] Initializing cgroup subsys cpuset
[    0.000000] Initializing cgroup subsys cpu
[    0.000000] Initializing cgroup sbs cpuacct
[    0.0000Liux versin .4.0-204genec buil@lw0am64-0) gcc veion 5.4.2016069 Ubuntu 5.4.0-6unu1~16..12) ) #236-Ubuntu SMP Fri Feb 19 16:11:27 UTC 2021 (Ubuntu 4.4.0-204.236-generic 4.4.254)
[    0.000000] Command line: BOOT_IMAGE=/boot/vmlinuz-4.4.0-204-generic root=LABEL=cloudimg-rootfs ro console=tty1 console=ttyS0
[    0.000000] KERNEL supported cpus:
[    0.000000]   Intel GenuineIntel
[    0.000000]   AMD AuthenticAMD
[    0.000000]   Centaur CentaurHauls
[    0.000000] x86/fpu: Legacy x87 FPU detected.
[    0.000000] e820: BIOS-provided physical RAM map:
[    0.00000] BIOS-e820: [mem 0x0000000000000000-0x000000000009fbff] usable
[    0.000000] BIOS-e820: [mem 0x000000000009fc00-0x00000000009ffff] reserved
[    0.000000] BIOS-e820: [mem 0x00000000000f0000-0x00000000000fffff] reserved
[    0.000000] BIOS-e820: [mem 0x0000000000100000-0x0000000044beffff] usable
[    0.000000] BIOS-e820: [mem 0x0000000044bf0000-0x0000000044bfffff] ACPI data
[    0.000000] BIOS-e820: [mem 0x00000000fec00000-0x00000000fec00fff] reserved
[    0.000000] BIOS-e820: [mem 0x00000000fee00000-0x00000000fee00fff] reserved
[    0.000000] BIOS-e820: [mem 0x00000000fffc0000-0x00000000ffffffff] reserved
[    0.000000] NX (Execute Disable) protection: active
[    0.000000] SMBIOS 2.5 present.
[    0.000000] Hypervisor detected: KVM
[    0.000000] e820: last_pfn = 0x44bf0 max_arch_pfn = 0x400000000
[    0.000000] MTRR: Disabled
[    0.000000] x86/PAT: MTRRs disabled, skipping PAT initialization too.
[    0.000000] CPU MTRRs all blank - virtualized system.
[    0.000000] x86/PAT: Configuration [0-7]: WB  WT  UC- UC  WB  WT  UC- UC  
[    0.000000] found SMP MP-table at [mem 0x0009fff0-0x0009ffff] mapped at [ffff88000009fff0]
[    0.000000] Scanning 1 areas for low memory coorruption
[    0.000000] RAMDISK: [mem 0x362de000-0x37166fff]
[    0.000000] ACPI: Early table checksum verification disabled
[    0.000000] ACPI: RSDP 0x00000000000E0000 000024 (v02 VBOX  )
[    0.000000] ACPI: XSDT 0x0000000044BF0030 00003C (v01 VBOX   VBOXXSDT 00000001 ASL  00000061)
[    0.000000] ACPI: FACP 0x0000000044BF00F0 0000F4 (v04 VBOX   VBOXFACP 00000001 ASL  00000061)
[    0.000000] ACPI: DSDT 0x0000000044BF0470 0021FF (v02 VBOX   VBOXBIOS 00000002 INTL 20180105)
[    0.000000] ACPI: FACS 0x0000000044BF0200 000040
[    0.000000] ACPI: FACS 0x0000000044BF0200 000040
[    0.000000] ACPI: APIC 0x0000000044BF0240 00005C (v02 VBOX   VBOXAPIC 00000001 ASL  00000061)
[    0.000000] ACPI: SSDT 0x0000000044BF02A0 0001CC (v01 VBOX   VBOXCPUT 00000002 INTL 20180105)
[    0.000000] No NUMA configuration found
[    0.000000] Faking a node at [mem 0x0000000000000000-0x0000000044beffff]
[    0.000000] NODE_DATA(0) allocated [mem 0x44beb000-0x44beffff]
[    0.000000] kvm-clock: Using msrs 4b564d01 and 4b564d00
[    0.000000] kvm-clock: cpu 0, msr 0:44be3001, primary cpu clock
[    0.000000] kvm-clock: using sched offset of 4754928800 cycles
[    0.000000] clocksource: kvm-clock: mask: 0xffffffffffffffff max_cycles: 0x1cd42e4dffb, max_idle_ns: 881590591483 ns
[    0.000000] Zone ranges:
[    0.000000]   DMA      [mem 0x0000000000001000-0x0000000000ffffff]
[    0.000000]   DMA32    [mem 0x0000000001000000-0x0000000044beffff]
[    0.000000]   Normal   empty
[    0.000000]   Device   empty
[    0.000000] Movable zone start for each node
[    0.000000] Early memory node ranges
[    0.000000]   node   0: [mem 0x0000000000001000-0x000000000009efff]
[    0.000000]   node   0: [mem 0x0000000000100000-0x0000000044beffff]
[    0.000000] Initmem setup node 0 [mem 0x0000000000001000-0x0000000044beffff]
[    0.000000] ACPI: PM-Timer IO Port: 0x4008
[    0.000000] IOAPIC[0]: apic_id 2, version 32, address 0xfec00000, GSI 0-23
[    0.000000] ACPI: INT_SRC_OVR (bus 0 bus_irq 0 global_irq 2 dfl dfl)
[    0.000000] ACPI: INT_SRC_OVR (bus 0 bus_irq 9 global_irq 9 low level)
[    0.000000] Using ACPI (MADT) for SMP configuration information
[    0.000000] smpboot: Allowing 2 CPUs, 0 hotplug CPUs
[    0.000000] PM: Registered nosave memory: [mem 0x00000000-0x00000fff]
[    0.000000] PM: Registered nosave memory: [mem 0x0009f000-0x0009ffff]
[    0.000000] PM: Registered nosave memory: [mem 0x000a0000-0x000effff]
[    0.000000] PM: Registered nosave memory: [mem 0x000f0000-0x000fffff]
[    0.000000] e820: [mem 0x44c00000-0xfebfffff] available for PCI devices
[    0.000000] Booting paravirtualized kernel on KVM
[    0.000000] clocksource: refined-jiffies: mask: 0xffffffff max_cycles: 0xffffffff, max_idle_ns: 7645519600211568 ns
[    0.000000] setup_percpu: NR_CPUS:512 nr_cpumask_bits:512 nr_cpu_ids:2 nr_node_ids:1
[    0.000000] PERCPU: Embedded 33 pages/cpu @ffff880044800000 s95640 r8192 d31336 u1048576
[    0.000000] Built 1 zonelists in Node order, mobility grouping on.  Total pages: 277064
[    0.000000] Policy zone: DMA32
[    0.000000] Kernel command line: BOOT_IMAGE=/boot/vmlinuz-4.4.0-204-generic root=LABEL=cloudimg-rootfs ro console=tty1 console=ttyS0
[    0.000000] PID hash table entries: 4096 (order: 3, 32768 bytes)
[    0.000000] Memory: 1073432K/1125944K available (8641K kernel code, 1337K rwdata, 4044K rodata, 1496K init, 1296K bss, 52512K reserved, 0K cma-reserved)
[    0.000000] SLUB: HWalign=64, Order=0-3, MinObjects=0, CPUs=2, Nodes=1
[    0.000000] Kernel/User page tables isolation: enabled
[    0.000000] Hierarchical RCU implementation.
[    0.000000] 	Build-time adjustment of leaf fanout to 64.
[    0.000000] 	RCU restricting CPUs from NR_CPUS=512 to nr_cpu_ids=2.
[    0.000000] RCU: Adjusting geometry for rcu_fanout_leaf=64, nr_cpu_ids=2
[    0.000000] NR_IRQS:33024 nr_irqs:440 16
[    0.000000] Console: colour VGA+ 80x25
[    0.000000] console [tty1] enabled
[    0.000000] console [ttyS0] enabled
[    0.000000] tsc: Detected 1596.092 MHz processor
[    1.328706] Calibrating delay loop (skipped) preset value.. 3192.18 BogoMIPS (lpj=6384368)
[    1.331397] pid_max: default: 32768 minimum: 301
[    1.332751] ACPI: Core revision 20150930
[    1.335351] ACPI: 2 ACPI AML tables successfully acquired and loaded
[    1.337406] Security Framework initialized
[    1.338685] Yama: becoming mindful.
[    1.339831] AppArmor: AppArmor initialized
[    1.342005] Dentry cache hash table entries: 262144 (order: 9, 2097152 bytes)
[    1.344366] Inode-cache hash table entries: 131072 (order: 8, 1048576 bytes)
[    1.346954] Mount-cache hash table entries: 4096 (order: 3, 32768 bytes)
[    1.348853] Mountpoint-cache hash table entries: 4096 (order: 3, 32768 bytes)
[    1.356473] Initializing cgroup subsys io
[    1.357796] Initializing cgroup subsys memory
[    1.359037] Initializing cgroup subsys devices
[    1.360433] Initializing cgroup subsys freezer
[    1.372771] Initializing cgroup subsys net_cls
[    1.444604] Initializing cgroup subsys perf_event
[    1.445918] Initializing cgroup subsys net_prio
[    1.447178] Initializing cgroup subsys hugetlb
[    1.456129] Initializing cgroup subsys pids
[    1.518033] mce: CPU supports 0 MCE banks
[    1.536705] Last level iTLB entries: 4KB 512, 2MB 7, 4MB 7
[    1.545936] Last level dTLB entries: 4KB 512, 2MB 32, 4MB 32, 1GB 0
[    1.569991] Spectre V1 : Mitigation: usercopy/swapgs barriers and __user pointer sanitization
[    1.623226] Spectre V2 : Mitigation: Full generic retpoline
[    1.625307] Spectre V2 : Spectre v2 / SpectreRSB mitigation: Filling RSB on context switch
[    1.628583] Speculative Store Bypass: Vulnerable
[    1.630555] MDS: Vulnerable: Clear CPU buffers attempted, no microcode
[    1.642437] Freeing SMP alternatives memory: 36K
[    1.651840] ftrace: allocating 32368 entries in 127 pages
[    1.744773] smpboot: APIC(0) Converting physical 0 to logical package 0
[    1.792021] smpboot: Max logical packages: 1
[    1.830138] x2apic enabled
[    1.840858] Switched APIC routing to physical x2apic.
[    1.844751] ..TIMER: vector=0x30 apic1=0 pin1=2 apic2=-1 pin2=-1
[    1.955125] smpboot: CPU0: Intel(R) Core(TM) i7 CPU       Q 720  @ 1.60GHz (family: 0x6, model: 0x1e, stepping: 0x5)
[    1.966152] Performance Events: unsupported p6 CPU model 30 no PMU driver, software events only.
[    1.987798] KVM setup paravirtual spinlock
[    1.991434] x86: Booting SMP configuration:
[    1.993121] .... node  #0, CPUs:      #1
[    1.994935] kvm-clock: cpu 1, msr 0:44be3041, secondary cpu clock
[    1.997580] mce: CPU supports 0 MCE banks
[    2.016258] x86: Booted up 1 node, 2 CPUs
[    2.018238] smpboot: Total of 2 processors activated (6384.36 BogoMIPS)
[    2.021441] devtmpfs: initialized
[    2.025903] evm: security.selinux
[    2.027346] evm: security.SMACK64
[    2.028747] evm: security.SMACK64EXEC
[    2.030281] evm: security.SMACK64TRANSMUTE
[    2.031952] evm: security.SMACK64MMAP
[    2.033460] evm: security.ima
[    2.034775] evm: security.capability
[    2.036536] clocksource: jiffies: mask: 0xffffffff max_cycles: 0xffffffff, max_idle_ns: 7645041785100000 ns
[    2.040275] futex hash table entries: 512 (order: 3, 32768 bytes)
[    2.047975] pinctrl core: initialized pinctrl subsystem
[    2.050149] RTC time:  6:33:32, date: 03/26/21
[    2.052195] NET: Registered protocol family 16
[    2.062661] cpuidle: using governor ladder
[    2.074768] cpuidle: using governor menu
[    2.077395] PCCT header not found.
[    2.079935] ACPI: bus type PCI registered
[    2.082534] acpiphp: ACPI Hot Plug PCI Controller Driver version: 0.5
[    2.089720] PCI: Using configuration type 1 for base access
[    2.103790] ACPI: Added _OSI(Module Device)
[    2.106181] ACPI: Added _OSI(Processor Device)
[    2.108722] ACPI: Added _OSI(3.0 _SCP Extensions)
[    2.111409] ACPI: Added _OSI(Processor Aggregator Device)
[    2.115310] ACPI: Executed 1 blocks of module-level executable AML code
[    2.121931] ACPI: Interpreter enabled
[    2.123501] ACPI: (supports S0 S5)
[    2.124924] ACPI: Using IOAPIC for interrupt routing
[    2.127140] PCI: Using host bridge windows from ACPI; if necessary, use "pci=nocrs" and report a bug
[    2.138467] ACPI: PCI Root Bridge [PCI0] (domain 0000 [bus 00-ff])
[    2.140705] acpi PNP0A03:00: _OSC: OS supports [ASPM ClockPM Segments MSI]
[    2.143160] acpi PNP0A03:00: _OSC: not requesting OS control; OS requires [ExtendedConfig ASPM ClockPM MSI]
[    2.146772] acpi PNP0A03:00: fail to add MMCONFIG information, can't access extended PCI configuration space under this bridge.
[    2.151622] PCI host bridge to bus 0000:00
[    2.153250] pci_bus 0000:00: root bus resource [io  0x0000-0x0cf7 window]
[    2.155684] pci_bus 0000:00: root bus resource [io  0x0d00-0xffff window]
[    2.158106] pci_bus 0000:00: root bus resource [mem 0x000a0000-0x000bffff window]
[    2.161080] pci_bus 0000:00: root bus resource [mem 0x44c00000-0xfdffffff window]
[    2.164058] pci_bus 0000:00: root bus resource [bus 00-ff]
[    2.169601] pci 0000:00:01.1: legacy IDE quirk: reg 0x10: [io  0x01f0-0x01f7]
[    2.172141] pci 0000:00:01.1: legacy IDE quirk: reg 0x14: [io  0x03f6]
[    2.174473] pci 0000:00:01.1: legacy IDE quirk: reg 0x18: [io  0x0170-0x0177]
[    2.176965] pci 0000:00:01.1: legacy IDE quirk: reg 0x1c: [io  0x0376]
[    2.215012] pci 0000:00:07.0: quirk: [io  0x4000-0x403f] claimed by PIIX4 ACPI
[    2.218908] pci 0000:00:07.0: quirk: [io  0x4100-0x410f] claimed by PIIX4 SMB
[    2.243085] ACPI: PCI Interrupt Link [LNKA] (IRQs 5 9 10 *11)
[    2.252115] ACPI: PCI Interrupt Link [LNKB] (IRQs 5 9 *10 11)
[    2.303667] ACPI: PCI Interrupt Link [LNKC] (IRQs 5 *9 10 11)
[    2.323527] ACPI: PCI Interrupt Link [LNKD] (IRQs 5 9 10 *11)
[    2.332437] ACPI: Enabled 2 GPEs in block 00 to 07
[    2.334928] vgaarb: setting as boot device: PCI:0000:00:02.0
[    2.336432] vgaarb: device added: PCI:0000:00:02.0,decodes=io+mem,owns=io+mem,locks=none
[    2.341729] vgaarb: loaded
[    2.342675] vgaarb: bridge control possible 0000:00:02.0
[    2.344611] SCSI subsystem initialized
[    2.346431] ACPI: bus type USB registered
[    2.347917] usbcore: registered new interface driver usbfs
[    2.350077] usbcore: registered new interface driver hub
[    2.352061] usbcore: registered new device driver usb
[    2.354756] PCI: Using ACPI for IRQ routing
[    2.359726] NetLabel: Initializing
[    2.361803] NetLabel:  domain hash size = 128
[    2.364376] NetLabel:  protocols = UNLABELED CIPSOv4
[    2.367174] NetLabel:  unlabeled traffic allowed by default
[    2.376381] amd_nb: Cannot enumerate AMD northbridges
[    2.378836] clocksource: Switched to clocksource kvm-clock
[    2.396351] AppArmor: AppArmor Filesystem Enabled
[    2.398631] pnp: PnP ACPI init
[    2.026]npPnAC: un3 vis
[    2.947975] clocksource: acpi_pm: mask: 0xffffff max_cycles: 0xffffff, max_idle_ns: 2085701024 ns
[    2.952232] NET: Registered protocol family 2
[    2.954737] TCP established hash table entries: 16384 (order: 51372yt)[    32022TCbi hash table entries: 16384 (order: 6, 262144 bytes)
[    3.509325] TCP: Hash tables configured (established 16384 bind 16384)
[    3.512787] UDP hash table entries: 1024 (order: 3, 32768 bytes)
[    3.516272] UDP-Lite hash table entries: 1024 (order: 3, 32768 bytes)
[    3.519823] NET: Registered protocol family 1
[    3.522526] pci 0000:00:00.0: Limiting direct PCI/PCI transfers
[    3.525061] pci 0000:00:01.0: Activating ISA DMA hang workarounds
[    3.527648] Unpacking initramfs...

[    3.821487] Freeing initrd memory: 14884K
[    3.860532] clocksource: tsc: mask: 0xffffffffffffffff max_cycles: 0x1701b9475fe, max_idle_ns: 440795264949 ns
[    3.980884] platform rtc_cmos: registered platform RTC device (no PNP device found)
[    3.983219] Scanning for low memory corruption every 60 seconds
[    3.985285] audit: initializing netlink subsys (disabled)
[    3.999824] audit: type=2000 audit(1616740419.282:1): initialized
[    4.011318] Initialise system trusted keyring
[    4.012801] HugeTLB registered 2 MB page size, pre-allocated 0 pages
[    4.016287] zbud: loaded
[    4.017733] VFS: Disk quotas dquot_6.6.0
[    4.018928] VFS: Dquot-cache hash table entries: 512 (order 0, 4096 bytes)
[    4.448099] squashfs: version 4.0 (2009/01/31) Phillip Lougher
[    4.520987] fuse init (API version 7.23)
[    4.522598] Key type big_key registered
[    4.523806] Allocating IMA MOK and blacklist keyrings.
[    4.526869] Key type asymmetric registered
[    4.528155] Asymmetric key parser 'x509' registered
[    4.529630] Block layer SCSI generic (bsg) driver version 0.4 loaded (major 249)
[    4.531934] io scheduler noop registered
[    4.560236] io scheduler deadline registered (default)
[    4.600744] io scheduler cfq registered
[    4.602886] pci_hotplug: PCI Hot Plug PCI Core version: 0.5
[    4.606003] pciehp: PCI Express Hot Plug Controller Driver version: 0.4
[    4.620460] ACPI: AC Adapter [AC] (on-line)
[    4.622304] input: Power Button as /devices/LNXSYSTM:00/LNXPWRBN:00/input/input0
[    4.625411] ACPI: Power Button [PWRF]
[    4.627086] input: Sleep Button as /devices/LNXSYSTM:00/LNXSLPBN:00/input/input1
[    4.644493] ACPI: Sleep Button [SLPF]
[    4.646632] GHES: HEST is not enabled!
[    4.648317] ACPI: Battery Slot [BAT0] (battery present)
[    4.651059] Serial: 8250/16550 driver, 32 ports, IRQ sharing enabled
[    4.679383] 00:02: ttyS0 at I/O 0x3f8 (irq = 4, base_baud = 115200) is a 16550A
[    4.686334] Linux agpgart interface v0.103
[    4.692784] loop: module loaded
[    4.697271] scsi host0: ata_piix
[    4.699652] scsi host1: ata_piix
[    4.701399] ata1: PATA max UDMA/33 cmd 0x1f0 ctl 0x3f6 bmdma 0xd000 irq 14
[    4.704334] ata2: PATA max UDMA/33 cmd 0x170 ctl 0x376 bmdma 0xd008 irq 15
[    4.708457] libphy: Fixed MDIO Bus: probed
[    4.710451] tun: Universal TUN/TAP device driver, 1.6
[    4.712607] tun: (C) 1999-2004 Max Krasnyansky <maxk@qualcomm.com>
[    4.714967] PPP generic driver version 2.4.2
[    4.716858] ehci_hcd: USB 2.0 'Enhanced' Host Controller (EHCI) Driver
[    4.719256] ehci-pci: EHCI PCI platform driver
[    4.720531] ehci-platform: EHCI generic platform driver
[    4.722391] ohci_hcd: USB 1.1 'Open' Host Controller (OHCI) Driver
[    4.724072] ohci-pci: OHCI PCI platform driver
[    4.725432] ohci-platform: OHCI generic platform driver
[    4.726868] uhci_hcd: USB Universal Host Controller Interface driver
[    4.728723] i8042: PNP: PS/2 Controller [PNP0303:PS2K,PNP0f03:PS2M] at 0x60,0x64 irq 1,12
[    4.731915] serio: i8042 KBD port at 0x60,0x64 irq 1
[    4.733455] serio: i8042 AUX port at 0x60,0x64 irq 12
[    4.734992] mousedev: PS/2 mouse device common for all mice
[    4.737851] input: AT Translated Set 2 keyboard as /devices/platform/i8042/serio0/input/input2
[    4.740565] rtc_cmos rtc_cmos: rtc core: registered rtc_cmos as rtc0
[    4.742586] rtc_cmos rtc_cmos: alarms up to one day, 114 bytes nvram
[    4.746204] i2c /dev entries driver
[    4.748890] device-mapper: uevent: version 1.0.3
[    4.752342] device-mapper: ioctl: 4.34.0-ioctl (2015-10-28) initialised: dm-devel@redhat.com
[    4.754807] ledtrig-cpu: registered to indicate activity on CPUs
[    4.757553] NET: Registered protocol family 10
[    4.759325] NET: Registered protocol family 17
[    4.760601] Key type dns_resolver registered
[    4.830134] registered taskstats version 1
[    4.947948] Loading compiled-in X.509 certificates
[    5.011288] Loaded X.509 cert 'Build time autogenerated kernel key: 7d89d4973e8e82529e7123890c54abbb198c4f27'
[    5.208510] zswap: loaded using pool lzo/zbud
[    5.278771] Key type trusted registered
[    5.288431] Key type encrypted registered
[    5.399536] AppArmor: AppArmor sha1 policy hashing enabled
[    5.479768] ima: No TPM chip found, activating TPM-bypass!
[    5.489771] ima: Allocated hash algorithm: sha1
[    5.491585] evm: HMAC attrs: 0x1
[    5.497097]   Magic number: 13:598:570
[    5.530474] button LNXSLPBN:00: hash matches
[    5.601486] rtc_cmos rtc_cmos: setting system clock to 2021-03-26 06:33:36 UTC (1616740416)
[    5.607968] BIOS EDD facility v0.16 2004-Jun-25, 0 devices found
[    5.620570] EDD information not available.
[    5.731913] Freeing unused kernel memory: 1496K
[    5.755283] Write protecting the kernel read-only data: 14336k
[    5.801271] Freeing unused kernel memory: 1588K
[    5.804077] Freeing unused kernel memory: 52K
Loading, please wait...
starting version 229
[    5.846160] random: systemd-udevd: uninitialized urandom read (16 bytes read, 3 bits of entropy available)
[    5.848418] random: udevadm: uninitialized urandom read (16 bytes read, 3 bits of entropy available)
[    5.848505] random: udevadm: uninitialized urandom read (16 bytes read, 3 bits of entropy available)
[    5.860201] random: systemd-udevd: uninitialized urandom read (16 bytes read, 3 bits of entropy available)
[    5.863881] random: systemd-udevd: uninitialized urandom read (16 bytes read, 3 bits of entropy available)
[    5.867710] random: systemd-udevd: uninitialized urandom read (16 bytes read, 3 bits of entropy available)
[    5.875445] random: systemd-udevd: uninitialized urandom read (16 bytes read, 3 bits of entropy available)
[    5.877850] random: udevadm: uninitialized urandom read (16 bytes read, 3 bits of entropy available)
[    5.877951] random: udevadm: uninitialized urandom read (16 bytes read, 3 bits of entropy available)
[    5.878346] random: udevadm: uninitialized urandom read (16 bytes read, 3 bits of entropy available)
[    6.278193] e1000: Intel(R) PRO/1000 Network Driver - version 7.3.21-k8-NAPI
[    6.299818] e1000: Copyright (c) 1999-2006 Intel Corporation.
[    6.328533] Fusion MPT base driver 3.04.20
[    6.346970] Copyright (c) 1999-2008 LSI Corporation
[    6.358140] Fusion MPT SPI Host driver 3.04.20
[    6.615328] input: ImExPS/2 Generic Explorer Mouse as /devices/platform/i8042/serio1/input/input4
[    6.760086] e1000 0000:00:03.0 eth0: (PCI:33MHz:32-bit) 02:96:8e:bc:5b:f3
[    6.760091] e1000 0000:00:03.0 eth0: Intel(R) PRO/1000 Network Connection
[    6.760918] mptbase: ioc0: Initiating bringup
[    6.839515] ioc0: LSI53C1030 A0: Capabilities={Initiator}
[    7.043017] scsi host2: ioc0: LSI53C1030 A0, FwRev=00000000h, Ports=1, MaxQ=256, IRQ=20
[    7.930470] scsi 2:0:0:0: Direct-Access     VBOX     HARDDISK         1.0  PQ: 0 ANSI: 5
[    8.639443] scsi target2:0:0: Beginning Domain Validation
[    8.806806] scsi target2:0:0: Domain Validation skipping write tests
[    8.963277] scsi target2:0:0: Ending Domain Validation
[    9.053645] e1000 0000:00:08.0 eth1: (PCI:33MHz:32-bit) 08:00:27:a6:4c:29
[    9.053651] e1000 0000:00:08.0 eth1: Intel(R) PRO/1000 Network Connection
[    9.160137] e1000 0000:00:08.0 enp0s8: renamed from eth1
[    9.271033] scsi target2:0:0: asynchronous
[    9.274258] scsi 2:0:1:0: Direct-Access     VBOX     HARDDISK         1.0  PQ: 0 ANSI: 5
[    9.278532] scsi target2:0:1: Beginning Domain Validation
[    9.285302] scsi target2:0:1: Domain Validation skipping write tests
[    9.288028] e1000 0000:00:03.0 enp0s3: renamed from eth0
[    9.291051] scsi target2:0:1: Ending Domain Validation
[    9.293746] scsi target2:0:1: asynchronous
[    9.314574] sd 2:0:0:0: Attached scsi generic sg0 type 0
[    9.315320] sd 2:0:0:0: [sda] 83886080 512-byte logical blocks: (42.9 GB/40.0 GiB)
[    9.315816] sd 2:0:0:0: [sda] Write Protect is off
[    9.316154] sd 2:0:0:0: [sda] Incomplete mode parameter data
[    9.316158] sd 2:0:0:0: [sda] Assuming drive cache: write through
[    9.339015]  sda: sda1
[    9.340060] sd 2:0:0:0: [sda] Attached SCSI disk
[   10.360095] sd 2:0:1:0: [sdb] 20480 512-byte logical blocks: (10.5 MB/10.0 MiB)
[   10.369841] sd 2:0:1:0: Attached scsi generic sg1 type 0
[   10.376483] sd 2:0:1:0: [sdb] Write Protect is off
[   10.387176] sd 2:0:1:0: [sdb] Incomplete mode parameter data
[   10.430644] sd 2:0:1:0: [sdb] Assuming drive cache: write through
[   10.441796] sd 2:0:1:0: [sdb] Attached SCSI disk
Begin: Loading e[   12.022830] md: linear personality registered for level -1
ssential drivers ... [   12.418701] md: multipath personality registered for level -4
[   12.663160] md: raid0 personality registered for level 0
[   12.715351] md: raid1 personality registered for level 1
[   12.814910] raid6: sse2x1   gen()  4212 MB/s
[   12.882919] raid6: sse2x1   xor()  5064 MB/s
[   12.950916] raid6: sse2x2   gen()  7573 MB/s
[   13.018900] raid6: sse2x2   xor()  5736 MB/s
[   13.126917] raid6: sse2x4   gen()  8031 MB/s
[   13.206910] raid6: sse2x4   xor()  5642 MB/s
[   13.232589] raid6: using algorithm sse2x4 gen() 8031 MB/s
[   13.235274] raid6: .... xor() 5642 MB/s, rmw enabled
[   13.309428] raid6: using ssse3x2 recovery algorithm
[   13.401981] xor: measuring software checksum speed
[   13.510947]    prefetch64-sse: 10888.000 MB/sec
[   13.551079]    generic_sse:  9799.000 MB/sec
[   13.570780] xor: using function: prefetch64-sse (10888.000 MB/sec)
[   13.592583] async_tx: api initialized (async)
[   13.844022] md: raid6 personality registered for level 6
[   13.871768] md: raid5 personality registered for level 5
[   13.874439] md: raid4 personality registered for level 4
[   13.896286] md: raid10 personality registered for level 10
done.
Begin: Running /scripts/init-premount ... done.
Begin: Mounting root file system ... Begin: Running /scripts/local-top ... done.
Begin: Running /scripts/local-premount ... [   13.969511] Btrfs loaded
Scanning for Btrfs filesystems
done.
Warning: fsck not present, so sk[   14.094525] EXT4-fs (sda1): mounted filesystem with ordered data mode. Opts: (null)
ipping root file system
done.
Begin: Running /scripts/local-bottom ... done.
Begin: Running /scripts/init-bottom ... done.
[   14.482917] systemd[1]: systemd 229 running in system mode. (+PAM +AUDIT +SELINUX +IMA +APPARMOR +SMACK +SYSVINIT +UTMP +LIBCRYPTSETUP +GCRYPT +GNUTLS +ACL +XZ -LZ4 +SECCOMP +BLKID +ELFUTILS +KMOD -IDN)
[   14.534456] systemd[1]: Detected virtualization oracle.
[   14.541334] systemd[1]: Detected architecture x86-64.

Welcome to [1mUbuntu 16.04.7 LTS[0m!

[   14.584332] systemd[1]: Set hostname to <ubuntu>.
[   14.599796] systemd[1]: Initializing machine ID from random generator.
[   14.610843] systemd[1]: Installed transient /etc/machine-id file.
[   14.947923] systemd[1]: Listening on Journal Socket.
[[0;32m  OK  [0m] Listening on Journal Socket.
[   14.978028] systemd[1]: Listening on Syslog Socket.
[[0;32m  OK  [0m] Listening on Syslog Socket.
[   14.996547] systemd[1]: Listening on Journal Audit Socket.
[[0;32m  OK  [0m] Listening on Journal Audit Socket.
[   15.005585] systemd[1]: Started Trigger resolvconf update for networkd DNS.
[[0;32m  OK  [0m] Started Trigger resolvconf update for networkd DNS.
[   15.019449] systemd[1]: Listening on udev Kernel Socket.
[[0;32m  OK  [0m] Listening on udev Kernel Socket.
[   15.038206] systemd[1]: Started Forward Password Requests to Wall Directory Watch.
[[0;32m  OK  [0m] Started Forward Password Requests to Wall Directory Watch.
[   15.064871] systemd[1]: Listening on LVM2 poll daemon socket.
[[0;32m  OK  [0m] Listening on LVM2 poll daemon socket.
[   15.071410] systemd[1]: Created slice User and Session Slice.
[[0;32m  OK  [0m] Created slice User and Session Slice.
[   15.080119] systemd[1]: Reached target System Time Synchronized.
[[0;32m  OK  [0m] Reached target System Time Synchronized.
[   15.087210] systemd[1]: Reached target Swap.
[[0;32m  OK  [0m] Reached target Swap.
[   15.094329] systemd[1]: Listening on fsck to fsckd communication Socket.
[[0;32m  OK  [0m] Listening on fsck to fsckd communication Socket.
[   15.123485] systemd[1]: Listening on Device-mapper event daemon FIFOs.
[[0;32m  OK  [0m] Listening on Device-mapper event daemon FIFOs.
[   15.567597] systemd[1]: Listening on udev Control Socket.
[[0;32m  OK  [0m] Listening on udev Control Socket.
[   15.623382] systemd[1]: Listening on /dev/initctl Compatibility Named Pipe.
[[0;32m  OK  [0m] Listening on /dev/initctl Compatibility Named Pipe.
[   15.656034] systemd[1]: Set up automount Arbitrary Executable File Formats File System Automount Point.
[[0;32m  OK  [0m] Set up automount Arbitrary Executab...ats File System Automount Point.
[   16.177861] systemd[1]: Reached target User and Group Name Lookups.
[[0;32m  OK  [0m] Reached target User and Group Name Lookups.
[   16.203943] systemd[1]: Created slice System Slice.
[[0;32m  OK  [0m] Created slice System Slice.
[   16.226356] systemd[1]: Starting Nameserver information manager...
         Starting Nameserver information manager...
[   16.235767] systemd[1]: Starting Uncomplicated firewall...
         Starting Uncomplicated firewall...
[   16.246816] systemd[1]: Starting File System Check on Root Device...
         Starting File System Check on Root Device...
[   16.256670] systemd[1]: Mounting Huge Pages File System...
         Mounting Huge Pages File System...
[   16.266888] systemd[1]: Mounting POSIX Message Queue File System...
         Mounting POSIX Message Queue File System...
[   16.278542] systemd[1]: Starting Set console keymap...
         Starting Set console keymap...
[   16.286126] systemd[1]: Created slice system-serial\x2dgetty.slice.
[[0;32m  OK  [0m] Created slice system-serial\x2dgetty.slice.
[   16.300900] systemd[1]: Starting Create list of required static device nodes for the current kernel...
         Starting Create list of required st... nodes for the current kernel...
[   16.315927] systemd[1]: Starting Load Kernel Modules...
[   16.349171] random: nonblocking pool is initialized
         Starting Load Kernel Modules...
[   16.355346] Loading iSCSI transport class v2.0-870.
[   16.356829] systemd[1]: Listening on Journal Socket (/dev/log).
[[0;32m  OK  [0m] Listening on Journal Socket (/dev/log).
[   16.382099] iscsi: registered transport (tcp)
[   16.455212] systemd[1]: Starting Journal Service...
         Starting Journal Service...
[   16.547157] systemd[1]: Reached target Encrypted Volumes.
[[0;32m  OK  [0m] Reached target Encrypted Volumes.
[   16.576241] systemd[1]: Reached target Slices.
[[0;32m  OK  [0[   16.735378] iscsi: registered transport (iser)
m] Reached target Slices.
[   1.743 sstemd[1 Lstening on VMmeadata daemon socket.
[[0;32m  OK  [0m] Listening on LVM2 metadata daemon socket.
[   17.255403] systemd[1]: Starting Monitoring of LVM2 mirrors, snapshots etc. using dmeventd or progress polling...
         Starting Monitoring of LVM2 mirrors... dmeventd or progress polling...
[   17.263321] systemd[1]: Mounting Debug File System...
         Mounting Debug File System...
[   17.272343] systemd[1]: Mounted Huge Pages File System.
[[0;32m  OK  [0m] Mounted Huge Pages File System.
[   17.276829] systemd[1]: Mounted POSIX Message Queue File System.
[[0;32m  OK  [0m] Mounted POSIX Message Queue File System.
[   17.282007] systemd[1]: Mounted Debug File System.
[[0;32m  OK  [0m] Mounted Debug File System.
[   17.303666] systemd[1]: Started Journal Service.
[[0;32m  OK  [0m] Started Journal Service.
[[0;32m  OK  [0m] Started Uncomplicated firewall.
[[0;32m  OK  [0m] Started File System Check on Root Device.
[[0;32m  OK  [0m] Started Set console keymap.
[[0;32m  OK  [0m] Started Create list of required sta...ce nodes for the current kernel.
[[0;32m  OK  [0m] Started Load Kernel Modules.
[[0;32m  OK  [0m] Started Nameserver information manager.
[[0;32m  OK  [0m] Started LVM2 metadata daemon.
[[0;32m  OK  [0m] Started File System Check Daemon to report status.
         Starting Apply Kernel Variables...
         Mounting FUSE Control File System...
         Starting Create Static Device Nodes in /dev...
         Starting Remount Root and Kernel File Systems...
[[0;32m  OK  [0m] Mounted FUSE Control File System.
[   17.483650] EXT4-fs (sda1): re-mounted. Opts: (null)
[[0;32m  OK  [0m] Started Remount Root and Kernel File Systems.
[[0;32m  OK  [0m] Started Apply Kernel Variables.
         Starting udev Coldplug all Devices...
         Starting Load/Save Random Seed...
         Starting Flush Journal to Persistent Storage...
[[0;32m  OK  [0m] Started Create Static Device Nodes in /dev.
[[0;32m  OK  [0m] Started Load/Save Random Seed.
         Starting udev Kernel Device Manager...
[[0;32m  OK  [0m] Started Flush Journal to Persistent Storage.
[[0;32m  OK  [0m] Started udev Coldplug all Devices.
[[0;32m  OK  [0m] Started udev Kernel Device Manager.
[[0;32m  OK  [0m] Started Dispatch Password Requests to Console Directory Watch.
[[0;32m  OK  [0m] Started Monitoring of LVM2 mirrors,...ng dmeventd or progress polling.
[[0;32m  OK  [0m] Reached target Local File Systems (Pre).
[[0;32m  OK  [0m] Reached target Local File Systems.
         Starting Commit a transient machine-id on disk...
         Starting Set console font and keymap...
         Starting LSB: AppArmor initialization...
         Starting Initial cloud-init job (pre-networking)...
         Starting Create Volatile Files and Directories...
         Starting Tell Plymouth To Write Out Runtime Data...
[[0;32m  OK  [0m] Started Commit a transient machine-id on disk.
[[0;32m  OK  [0m] Started Create Volatile Files and Directories.
[[0;32m  OK  [0m] Started Tell Plymouth To Write Out Runtime Data.
[[0;32m  OK  [0m] Found device /dev/ttyS0.
[[0;32m  OK  [0m] Listening on Load/Save RF Kill Switch Status /dev/rfkill Watch.
         Starting Update UTMP about System Boot/Shutdown...
[[0;32m  OK  [0m] Started Update UTMP about System Boot/Shutdown.
[[0;32m  OK  [0m] Started Set console font and keymap.
[[0;32m  OK  [0m] Created slice system-getty.slice.
[   18.132534] cloud-init[512]: Cloud-init v. 20.4.1-0ubuntu1~16.04.1 running 'init-local' at Fri, 26 Mar 2021 06:33:50 +0000. Up 17.38 seconds.
[[0;32m  OK  [0m] Started Initial cloud-init job (pre-networking).
[[0;32m  OK  [0m] Reached target Network (Pre).
[[0;32m  OK  [0m] Started LSB: AppArmor initialization.
         Starting Load AppArmor profiles managed internally by snapd...
         Starting Raise network interfaces...
[[0;32m  OK  [0m] Started Load AppArmor profiles managed internally by snapd.
[[0;32m  OK  [0m] Started Raise network interfaces.
         Starting Initial cloud-init job (metadata service crawler)...
[[0;32m  OK  [0m] Reached target Network.
[   21.124932] cloud-init[944]: Cloud-init v. 20.4.1-0ubuntu1~16.04.1 running 'init' at Fri, 26 Mar 2021 06:33:52 +0000. Up 19.74 seconds.
[[0;32m  OK  [0m] Started Initial cloud-init job (metadata service crawler).
[[0;32m  OK  [0m] Reached target System Initialization.
[   21.244521] cloud-init[944]: ci-info: ++++++++++++++++++++++++++++++++++++++Net device info+++++++++++++++++++++++++++++++++++++++
[   21.373181] cloud-init[944]: ci-info: +--------+-------+----------------------------+---------------+--------+-------------------+
[   21.432469] cloud-init[944]: ci-info: | Device |   Up  |          Address           |      Mask     | Scope  |     Hw-Address    |
[   21.433392] cloud-init[944]: [[0;32m  OK  [0m] Started ACPI Events Check.
ci-info: +--------+-------+----------------------------+---------------+--------+-------------------+
[   21.456679] cloud-init[944]: ci-info: | enp0s3 |  True |         10.0.2.15          | 255.255.255.0 | global | 02:96:8e:bc:5b:f3 |
[   21.457363] cloud-init[944]: ci-info: | enp0s3 |  True | fe80::96:8eff:febc:5bf3/64 |       .       |  link  | 02:96:8e:bc:5b:f3 |
[[0;32m  OK  [0m] Reached target Paths.
[   21.457765] cloud-init[944]: ci-info: | enp0s8 | False |             .              |       .       |   .    | 08:00:27:a6:4c:29 |
[   21.472866] cloud-init[944]: ci-info: |   lo   |  True |         127.0.0.1          |   255.0.0.0   |  host  |         .         |
[   21.473166] cloud-init[944]: ci-info: |   lo   |  True |          ::1/128           |       .       |  host  |         .         |
[   21.473522] cloud-init[944]: ci-info: +--------+-------+----------------------------+---------------+--------+-------------------+
[   21.473838] cloud-init[944]: ci-info: +++++++++++++++++++++++++++Route IPv4 info++++++++++++++++++++++++++++
[   21.474185] cloud-init[944]: ci-info: +-------+-------------+----------+---------------+-----------+-------+
[   21.474582] cloud-init[944]: ci-info: | Route | Destination | Gateway  |    Genmask    | Interface | Flags |
[   21.474913] cloud-init[944]: ci-info: +-------+-------------+----------+---------------+-----------+-------+
[   21.475264] cloud-init[944]: ci-info: |   0   |   0.0.0.0   | 10.0.2.2 |    0.0.0.0    |   enp0s3  |   UG  |
[   21.475584] cloud-init[944]: ci-info: |   1   |   10.0.2.0  | 0.0.0.0  | 255.255.255.0 |   enp0s3  |   U   |
[   21.475918] cloud-init[944]: ci-info: +-------+-------------+----------+---------------+-----------+-------+
[   21.477330] cloud-init[944]: ci-info: +++++++++++++++++++Route IPv6 info+++++++++++++++++++
[   21.477994] cloud-init[944]: ci-info: +-------+-------------+---------+-----------+-------+
[   21.478808] cloud-init[944]: ci-info: | Route | Destination | Gateway | Interface | Flags |
[   21.480972] cloud-init[944]: ci-info: +-------+-------------+---------+-----------+-------+
[[0;32m  OK  [0m] Started Daily Cleanup of Temporary Directories.
[   21.481758] cloud-init[944]: ci-info: |   0   |  fe80::/64  |    ::   |   enp0s3  |   U   |
[   21.662309] cloud-init[944]: ci-info: |   3   |   ff00::/8  |    ::   |   enp0s3  |   U   |
[[0;32m  OK  [0m] Listening on D-Bus System Message Bus Socket.
[   21.663300] cloud-init[944]: ci-info: +-------+-------------+---------+-----------+-------+
[   21.782154] cloud-init[944]: Generating public/private rsa key pair.
[[0;32m  OK  [0m] Listening on ACPID Listen Socket.
[   21.782972] cloud-init[944]: Your identification has been saved in /etc/ssh/ssh_host_rsa_key.
[   21.902184] cloud-init[944]: Your public key has been saved in /etc/ssh/ssh_host_rsa_key.pub.
[[0;32m  OK  [0m] Started Message of the Day.
[   21.902918] cloud-init[944]: The key fingerprint is:
[   22.008651] cloud-init[944]: SHA256:8hBsEw47cX65YmPANlPWZkcA9kdHwKEKnO2Qnjkqt1Q root@ubuntu-xenial
[   22.009572] cloud-init[944]: The key's randomart image is:
         Starting Socket activation for snappy daemon.
[   22.010057] cloud-init[944]: +---[RSA 2048]----+
[   22.130099] cloud-init[944]: |    o Bo.+=+o    |
[[0;32m  OK  [0m] Listening on UUID daemon activation socket.
[   22.130914] cloud-init[944]: |   o / o++o.     |
[[0;32m  OK  [0m] Started Daily apt download activities.
[   22.222005] cloud-init[944]: |    # Oo=..      |
[   22.285033] cloud-init[944]: |   o % = o       |
[   22.286173] cloud-init[944]: |    E X S        |
[[0;32m  OK  [0m] Started Daily apt upgrade and clean activities.
[   22.286816] cloud-init[944]: |   o + *         |
[   22.381933] cloud-init[944]: |. +     .        |
[[0;32m  OK  [0m] Reached target Timers.
[   22.382628] cloud-init[944]: | + .             |
[   22.512797] cloud-init[944]: |  .              |
[   22.513828] cloud-init[944]: +----[SHA256]-----+
         Starting LXD - unix socket.
[[   22.514394] cloud-init[944]: Generating public/private dsa key pair.
[   22.585388] cloud-init[944]: Your identification has been saved in /etc/ssh/ssh_host_dsa_key.
[   22.585950] cloud-init[944]: Your public key has been saved in /etc/ssh/ssh_host_dsa_key.pub.
[   22.586661] cloud-init[944]: The key fingerprint is:
[   22.587075] cloud-init[944]: SHA256:srzu1VAZ7rDw6kmwTn6EUwKXNEspOWiBM3sMa3Yx35c root@ubuntu-xenial
[   22.587531] cloud-init[944]: The key's randomart image is:
[   22.587963] cloud-init[944]: +---[DSA 1024]----+
[0;32m  OK  [0m] Reached target Cloud-config availability.
[   22.590889] cloud-init[944]: |.o.o+o    .      |
[   22.625675] cloud-init[944]: |*.=++o   . o     |
[   22.626073] cloud-init[944]: |.B == o . =      |
[   22.626538] cloud-init[944]: |ooo....+ E       |
[   22.626940] cloud-init[944]: |o.. .+. S .      |
[   22.627338] cloud-init[944]: |    o+.+ o       |
[   22.627738] cloud-init[944]: |    oo= . .      |
[   22.628231] cloud-init[944]: |   + o.+         |
[   22.628554] cloud-init[944]: |    o+*          |
[   22.628949] cloud-init[944]: +----[SHA256]-----+
[   22.629358] cloud-init[944]: Generating public/private ecdsa key pair.
[   22.629751] cloud-init[944]: Your identification has been saved in /etc/ssh/ssh_host_ecdsa_key.
[   22.630148] cloud-init[944]: Your public key has been saved in /etc/ssh/ssh_host_ecdsa_key.pub.
[   22.632395] cloud-init[944]: The key fingerprint is:
[   22.632715] cloud-init[944]: SHA256:3oTcg46XDQXlpiulxYnFRRLnnX71j/cAaOpGeS3jpQ8 root@ubuntu-xenial
[   22.633114] cloud-init[944]: The key's randomart image is:
[   22.633519] cloud-init[944]: +---[ECDSA 256]---+
[   22.633910] cloud-init[944]: |        ++=      |
[   22.634343] cloud-init[944]: |       . B . .   |
[   22.639020] cloud-init[944]: |        o = o   .|
[   22.639391] cloud-init[944]: |       = O o   ..|
[   22.639811] cloud-init[944]: |      . S.*.o . .|
[   22.640608] cloud-init[944]: |       BoX+.oo ..|
[   22.648245] cloud-init[944]: |      +.BoE=  o o|
[   22.648547] cloud-init[944]: |       +. o.   o.|
[   22.648939] cloud-init[944]: |       ..  ..   .|
[   22.649342] cloud-init[944]: +----[SHA256]-----+
[   22.649738] cloud-init[944]: Generating public/private ed25519 key pair.
[   22.650141] cloud-init[944]: Your identification has been saved in /etc/ssh/ssh_host_ed25519_key.
[   22.650578] cloud-init[944]: Your public key has been saved in /etc/ssh/ssh_host_ed25519_key.pub.
[[0;32m  OK  [0m] Reached target Network is Online.
[   22.652403] cloud-init[944]: The key fingerprint is:
[   22.718743] cloud-init[944]: SHA256:fSvNu6av2QYdmbAzPWXzm3Sl/83fdku4GLOLZ4geHtM root@ubuntu-xenial
[   22.723773] cloud-init[944]: The key's randomart image is:
[   22.727164] cloud-init[944]: +--[ED25519 256]--+
[   22.730662] cloud-init[944]: |                 |
[   22.733635] cloud-init[944]: |          .   + .|
         [   22.745199] cloud-init[944]: |           + = +.|
Starting iSCSI initiator daemon (iscsid)...
[   22.746325] cloud-init[944]: |         .+ * ..o|
[   22.753189] cloud-init[944]: |        S .+.o..+|
[[0;32m  OK  [0m] Listening on Socket activation for snappy daemon.
[   22.753770] cloud-init[944]: |        . .+...o.|
[   22.761485] cloud-init[944]: |       +.Eo++. oo|
[   22.762017] cloud-init[944]: |      ..+..*B.o B|
[   22.766087] cloud-init[944]: |      .o .*X*o o*|
[   22.767685] cloud-init[944]: +----[SHA256]-----+
[[0;32m  OK  [0m] Listening on LXD - unix socket.
[[0;32m  OK  [0m] Reached target Sockets.
[[0;32m  OK  [0m] Reached target Basic System.
         Starting LSB: Record successful boot for GRUB...
         Starting Virtualbox guest utils...
         Starting System Logging Service...
         Starting LXD - container startup/shutdown...
         Starting Pollinate to seed the pseudo random number generator...
[[0;32m  OK  [0m] Started D-Bus System Message Bus.
         Starting LSB: MD monitoring daemon...
         Starting Login Service...
[[0;32m  OK  [0m] Started FUSE filesystem for LXC.
         Starting /etc/rc.local Compatibility...
         Starting Snap Daemon...
[[0;32m  OK  [0m] Started Regular background program processing daemon.
         Starting Accounts Service...
[[0;32m  OK  [0m] Started ACPI event daemon.
[[0;32m  OK  [0m] Started Deferred execution scheduler.
[[0;32m  OK  [0m] Started System Logging Service.
[[0;32m  OK  [0m] Started /etc/rc.local Compatibility.
[[0;32m  OK  [0m] Started iSCSI initiator daemon (iscsid).
[[0;32m  OK  [0m] Started Login Service.
[[0;32m  OK  [0m] Started LXD - container startup/shutdown.
[[0;32m  OK  [0m] Started Unattended Upgrades Shutdown.
         Starting Authenticate and Authorize Users to Run Privileged Tasks...
         Starting Login to default iSCSI targets...
[[0;32m  OK  [0m] Started LSB: Record successful boot for GRUB.
[[0;32m  OK  [0m] Started LSB: MD monitoring daemon.
[[0;32m  OK  [0m] Started Login to default iSCSI targets.
[[0;32m  OK  [0m] Reached target Remote File Systems (Pre).
[[0;32m  OK  [0m] Reached target Remote File Systems.
         Starting LSB: daemon to balance interrupts for SMP systems...
         Starting Permit User Sessions...
         Starting LSB: automatic crash report generation...
         Starting LSB: Set the CPU Frequency Scaling governor to "ondemand"...
[[0;32m  OK  [0m] Started Virtualbox guest utils.
[[0;32m  OK  [0m] Started Permit User Sessions.
[[0;32m  OK  [0m] Started Authenticate and Authorize Users to Run Privileged Tasks.
[[0;32m  OK  [0m] Started Accounts Service.
         Starting Terminate Plymouth Boot Screen...
         Starting Hold until boot process finishes up...
[[0;32m  OK  [0m] Started LSB: daemon to balance interrupts for SMP systems.
[[0;32m  OK  [0m] Started LSB: automatic crash report generation.
[[0;32m  OK  [0m] Started LSB: Set the CPU Frequency Scaling governor to "ondemand".
[[0;32m  OK  [0m] Started Terminate Plymouth Boot Screen.
[[0;32m  OK  [0m] Started Hold until boot process finishes up.
[[0;32m  OK  [0m] Started Snap Daemon.
         Starting Wait until snapd is fully seeded...
         Starting Set console scheme...
[[0;32m  OK  [0m] Started Getty on tty1.
[[0;32m  OK  [0m] Started Serial Getty on ttyS0.
[[0;32m  OK  [0m] Reached target Login Prompts.
[[0;32m  OK  [0m] Started Set console scheme.
[[0;32m  OK  [0m] Started Pollinate to seed the pseudo random number generator.
         Starting OpenBSD Secure Shell server...
[[0;32m  OK  [0m] Started OpenBSD Secure Shell server.
[[0;32m  OK  [0m] Created slice User Slice of vagrant.
         Starting User Manager for UID 1000...
[[0;32m  OK  [0m] Started Session 1 of user vagrant.
[[0;32m  OK  [0m] Started User Manager for UID 1000.

Ubuntu 16.04.7 LTS ubuntu-xenial ttyS0

ubuntu-xenial login: [   33.252023] cloud-init[1594]: Generating locales (this might take a while)...
[   34.469343] cloud-init[1594]:   en_US.UTF-8... done
[   34.472140] cloud-init[1594]: Generation complete.
[   35.209727] cloud-init[1594]: Cloud-init v. 20.4.1-0ubuntu1~16.04.1 running 'modules:config' at Fri, 26 Mar 2021 06:34:05 +0000. Up 33.04 seconds.
ci-info: no authorized SSH keys fingerprints found for user ubuntu.
<14>Mar 26 06:34:08 ec2: 
<14>Mar 26 06:34:08 ec2: #############################################################
<14>Mar 26 06:34:08 ec2: -----BEGIN SSH HOST KEY FINGERPRINTS-----
<14>Mar 26 06:34:08 ec2: 1024 SHA256:srzu1VAZ7rDw6kmwTn6EUwKXNEspOWiBM3sMa3Yx35c root@ubuntu-xenial (DSA)
<14>Mar 26 06:34:08 ec2: 256 SHA256:3oTcg46XDQXlpiulxYnFRRLnnX71j/cAaOpGeS3jpQ8 root@ubuntu-xenial (ECDSA)
<14>Mar 26 06:34:08 ec2: 256 SHA256:fSvNu6av2QYdmbAzPWXzm3Sl/83fdku4GLOLZ4geHtM root@ubuntu-xenial (ED25519)
<14>Mar 26 06:34:08 ec2: 2048 SHA256:8hBsEw47cX65YmPANlPWZkcA9kdHwKEKnO2Qnjkqt1Q root@ubuntu-xenial (RSA)
<14>Mar 26 06:34:08 ec2: -----END SSH HOST KEY FINGERPRINTS-----
<14>Mar 26 06:34:08 ec2: #############################################################
-----BEGIN SSH HOST KEY KEYS-----
ecdsa-sha2-nistp256 AAAAE2VjZHNhLXNoYTItbmlzdHAyNTYAAAAIbmlzdHAyNTYAAABBBDp7+UE1bnnvG8aypPg3GouE+tL+4e7vzkatgUKZuODZ9y5CK1qHXdpRxU5fQXf2Hoc/SL+7gv9YzR6iBw3YktI= root@ubuntu-xenial
ssh-ed25519 AAAAC3NzaC1lZDI1NTE5AAAAIMvcpf6wbguLYo7OANqpjDmdvRZqFmyo1UjLZxRYyqkB root@ubuntu-xenial
ssh-rsa AAAAB3NzaC1yc2EAAAADAQABAAABAQCt+M2qMuyrK8ui0Nmg2Wy/fCQv4NnkJZrfbRmFNvSKNt2mANiItNfLX4izMsC//Sxe6ksEDXsefopsgy5khf3w4nTnV+l4Dvh4cb648meuMhQgp+O6JlPsF+FIPR67GdQECDublX+O03z4qQBzTOf/TkAaxMeTw/shkKmY2hAxrfl3lvRCTLrWlumgW/VpYbU8JUNr0FaIXtTSfVgp5wqlr3aPa1jrdKbhamKDAcilKFs8NjgCVxBeMRRS2agZPMVLnEh41Ss2N4ny00NX6Y7e54P6S1Boihz6u9T05Wvlkzqo/M0AAwAapArzCVKjMf0nAzQnqfJV/BxpyVNGGP8v root@ubuntu-xenial
-----END SSH HOST KEY KEYS-----
[   36.199039] cloud-init[1855]: Cloud-init v. 20.4.1-0ubuntu1~16.04.1 running 'modules:final' at Fri, 26 Mar 2021 06:34:08 +0000. Up 35.89 seconds.
[   36.199385] cloud-init[1855]: ci-info: no authorized SSH keys fingerprints found for user ubuntu.
[   36.199611] cloud-init[1855]: Cloud-init v. 20.4.1-0ubuntu1~16.04.1 finished at Fri, 26 Mar 2021 06:34:08 +0000. Datasource DataSourceNoCloud [seed=/dev/sdb][dsmode=net].  Up 36.18 seconds
